War · reads Reads { told: false, recall: false, journal: true } · hidden 32 · genome 33445 · population 1000 (first 10000) · elite 100 breeding at 0.3 · tables 6 · hall 0 · rank 40 · letters None · longest 100 years · 8 trials · AMD Radeon RX 6750 XT (RADV NAVI22)
try  1 · gen  100 · best   1025.9 · elite    498.7 · median     43.6 · years  25.8 · road 0.34 · starved  1013 · nobles  +6.0 · read 38.5 · walls  2.7 · fell 77.8% (mother 39.1%) · prince 18.9% · king 13.6% · crowned 10.7% (median year 37) · 3.1s
try  2 · gen  100 · best    932.4 · elite    494.0 · median     73.4 · years  22.5 · road 0.33 · starved  1039 · nobles  +4.2 · read 27.9 · walls  1.3 · fell 80.8% (mother 36.2%) · prince 20.4% · king 13.9% · crowned 10.5% (median year 30) · 3.1s
try  3 · gen  100 · best   1027.4 · elite    610.4 · median    144.3 · years  19.5 · road 0.37 · starved   948 · nobles  +4.1 · read 13.6 · walls  1.0 · fell 76.3% (mother 36.3%) · prince 22.5% · king 16.3% · crowned 13.4% (median year 27) · 3.1s
try  4 · gen  100 · best    670.7 · elite    318.3 · median    -20.6 · years  27.7 · road 0.32 · starved  1116 · nobles  +3.1 · read 41.9 · walls  2.6 · fell 88.2% (mother 44.0%) · prince 13.6% · king  8.5% · crowned  6.1% (median year 52) · 3.1s
try  5 · gen  100 · best   1230.0 · elite    637.5 · median    170.0 · years  20.1 · road 0.40 · starved  1027 · nobles  +3.0 · read  9.2 · walls  3.3 · fell 66.9% (mother 42.9%) · prince 29.3% · king 19.2% · crowned 13.8% (median year 25) · 3.1s
try  6 · gen  100 · best   1178.4 · elite    654.2 · median    179.4 · years  18.4 · road 0.36 · starved   852 · nobles  +4.3 · read 25.4 · walls  1.9 · fell 74.3% (mother 36.8%) · prince 23.5% · king 18.2% · crowned 15.5% (median year 26) · 3.1s
try  7 · gen  100 · best    688.2 · elite    309.0 · median      5.6 · years  32.0 · road 0.37 · starved  1251 · nobles  -2.4 · read 56.0 · walls  4.6 · fell 88.4% (mother 35.0%) · prince 15.4% · king  7.9% · crowned  4.7% (median year 58) · 3.1s
try  8 · gen  100 · best    588.6 · elite    335.2 · median      8.5 · years  27.0 · road 0.37 · starved  1314 · nobles  -4.4 · read 16.1 · walls  2.7 · fell 90.3% (mother 39.8%) · prince 20.6% · king  9.0% · crowned  5.0% (median year 42) · 3.1s
try  1 · gen  101 · best    912.6 · elite    508.5 · median     78.3 · years  26.0 · road 0.34 · starved  1030 · nobles  +6.6 · read 38.3 · walls  2.6 · fell 77.6% (mother 38.6%) · prince 19.0% · king 13.8% · crowned 10.9% (median year 37) · 3.0s
try  2 · gen  101 · best   1030.0 · elite    512.6 · median     36.2 · years  22.4 · road 0.33 · starved  1160 · nobles  +4.3 · read 27.2 · walls  1.3 · fell 82.0% (mother 36.7%) · prince 19.0% · king 13.6% · crowned 10.3% (median year 31) · 3.0s
try  3 · gen  101 · best   1172.3 · elite    630.3 · median    159.2 · years  19.4 · road 0.38 · starved   894 · nobles  +3.7 · read 14.0 · walls  1.0 · fell 75.0% (mother 35.8%) · prince 23.7% · king 17.2% · crowned 13.7% (median year 26) · 3.0s
try  4 · gen  101 · best    585.2 · elite    334.5 · median    -19.4 · years  27.9 · road 0.32 · starved  1113 · nobles  +2.9 · read 43.8 · walls  2.8 · fell 86.9% (mother 43.8%) · prince 13.7% · king  9.0% · crowned  6.7% (median year 51) · 3.0s
try  5 · gen  101 · best    985.5 · elite    630.1 · median    185.9 · years  20.4 · road 0.42 · starved  1028 · nobles  +2.3 · read  9.3 · walls  3.4 · fell 66.3% (mother 43.2%) · prince 29.9% · king 20.1% · crowned 14.1% (median year 25) · 3.0s
try  6 · gen  101 · best   1014.3 · elite    620.8 · median    159.8 · years  18.4 · road 0.36 · starved   865 · nobles  +4.2 · read 24.6 · walls  1.9 · fell 76.8% (mother 38.9%) · prince 22.4% · king 17.0% · crowned 14.5% (median year 27) · 3.0s
try  7 · gen  101 · best    856.3 · elite    326.3 · median      5.9 · years  32.2 · road 0.37 · starved  1206 · nobles  -2.4 · read 56.0 · walls  4.5 · fell 89.8% (mother 35.4%) · prince 15.1% · king  7.7% · crowned  4.7% (median year 56) · 3.0s
try  8 · gen  101 · best    736.4 · elite    346.0 · median      7.7 · years  27.1 · road 0.37 · starved  1312 · nobles  -4.8 · read 15.7 · walls  2.8 · fell 90.3% (mother 41.7%) · prince 20.7% · king  9.1% · crowned  4.8% (median year 43) · 3.0s
try  1 · gen  102 · best    941.8 · elite    509.9 · median     75.2 · years  25.2 · road 0.34 · starved   945 · nobles  +6.8 · read 36.9 · walls  2.4 · fell 76.4% (mother 37.9%) · prince 19.0% · king 13.7% · crowned 11.2% (median year 35) · 3.0s
try  2 · gen  102 · best    950.6 · elite    512.6 · median     29.8 · years  22.4 · road 0.33 · starved  1076 · nobles  +4.2 · read 27.1 · walls  1.2 · fell 81.5% (mother 37.9%) · prince 19.3% · king 13.3% · crowned 10.2% (median year 32) · 3.0s
try  3 · gen  102 · best   1139.3 · elite    599.9 · median    150.3 · years  18.7 · road 0.37 · starved   919 · nobles  +2.9 · read 12.9 · walls  1.1 · fell 76.0% (mother 39.6%) · prince 22.5% · king 16.0% · crowned 13.1% (median year 26) · 3.0s
try  4 · gen  102 · best    611.7 · elite    358.3 · median    -14.0 · years  28.1 · road 0.33 · starved  1097 · nobles  +3.4 · read 43.5 · walls  2.7 · fell 86.8% (mother 43.2%) · prince 14.3% · king  9.6% · crowned  7.4% (median year 50) · 3.0s
try  5 · gen  102 · best   1062.3 · elite    627.3 · median    187.7 · years  20.6 · road 0.42 · starved  1067 · nobles  +2.7 · read  9.4 · walls  3.4 · fell 65.0% (mother 41.0%) · prince 30.1% · king 20.6% · crowned 14.6% (median year 25) · 3.0s
try  6 · gen  102 · best    966.6 · elite    582.6 · median    166.3 · years  18.3 · road 0.36 · starved   910 · nobles  +4.2 · read 24.0 · walls  1.9 · fell 77.2% (mother 40.2%) · prince 23.3% · king 16.8% · crowned 14.2% (median year 26) · 3.0s
try  7 · gen  102 · best    661.7 · elite    321.4 · median     11.8 · years  32.6 · road 0.37 · starved  1180 · nobles  -2.4 · read 56.8 · walls  4.6 · fell 89.7% (mother 33.9%) · prince 16.0% · king  8.2% · crowned  4.8% (median year 54) · 3.0s
try  8 · gen  102 · best    714.7 · elite    357.0 · median      6.6 · years  27.2 · road 0.37 · starved  1279 · nobles  -4.6 · read 14.3 · walls  3.0 · fell 88.4% (mother 41.6%) · prince 20.0% · king  8.9% · crowned  5.5% (median year 44) · 3.0s
try  1 · gen  103 · best    855.0 · elite    512.8 · median    117.8 · years  25.4 · road 0.34 · starved   963 · nobles  +6.3 · read 39.6 · walls  2.6 · fell 75.0% (mother 37.8%) · prince 20.3% · king 14.4% · crowned 11.4% (median year 34) · 3.0s
try  2 · gen  103 · best    936.5 · elite    501.7 · median     51.5 · years  22.3 · road 0.33 · starved  1016 · nobles  +4.3 · read 27.2 · walls  1.4 · fell 79.5% (mother 36.6%) · prince 19.7% · king 13.5% · crowned 10.6% (median year 31) · 3.0s
try  3 · gen  103 · best   1162.4 · elite    604.0 · median    157.0 · years  18.9 · road 0.38 · starved   957 · nobles  +2.5 · read 13.5 · walls  1.2 · fell 75.4% (mother 40.4%) · prince 23.8% · king 16.7% · crowned 13.1% (median year 26) · 3.0s
try  4 · gen  103 · best    751.0 · elite    329.9 · median    -18.0 · years  27.7 · road 0.33 · starved  1113 · nobles  +3.4 · read 42.4 · walls  2.6 · fell 87.8% (mother 45.0%) · prince 14.1% · king  8.9% · crowned  6.5% (median year 52) · 3.0s
try  5 · gen  103 · best   1209.6 · elite    656.0 · median    186.9 · years  20.4 · road 0.42 · starved  1005 · nobles  +2.6 · read  9.3 · walls  3.4 · fell 65.8% (mother 41.5%) · prince 29.6% · king 20.0% · crowned 14.3% (median year 25) · 3.0s
try  6 · gen  103 · best    963.0 · elite    609.7 · median    167.3 · years  18.2 · road 0.36 · starved   903 · nobles  +4.1 · read 23.8 · walls  1.9 · fell 76.3% (mother 41.8%) · prince 22.5% · king 17.2% · crowned 14.6% (median year 26) · 3.0s
try  7 · gen  103 · best    811.4 · elite    341.1 · median      5.4 · years  31.9 · road 0.37 · starved  1159 · nobles  -2.6 · read 52.2 · walls  4.6 · fell 89.6% (mother 33.5%) · prince 15.1% · king  8.4% · crowned  4.9% (median year 55) · 3.0s
try  8 · gen  103 · best    635.1 · elite    348.7 · median      7.2 · years  27.4 · road 0.37 · starved  1244 · nobles  -4.4 · read 13.4 · walls  3.1 · fell 89.3% (mother 41.4%) · prince 20.1% · king  9.1% · crowned  5.0% (median year 43) · 3.0s
try  1 · gen  104 · best    921.4 · elite    538.3 · median     70.0 · years  24.8 · road 0.34 · starved   961 · nobles  +5.9 · read 39.8 · walls  2.5 · fell 75.6% (mother 35.9%) · prince 20.0% · king 14.5% · crowned 11.1% (median year 34) · 3.0s
try  2 · gen  104 · best    921.2 · elite    522.0 · median     47.7 · years  22.3 · road 0.33 · starved   999 · nobles  +4.2 · read 26.4 · walls  1.3 · fell 80.1% (mother 36.0%) · prince 21.1% · king 14.1% · crowned 10.8% (median year 31) · 3.0s
try  3 · gen  104 · best    964.1 · elite    609.4 · median    168.0 · years  19.0 · road 0.38 · starved   869 · nobles  +3.1 · read 13.4 · walls  1.2 · fell 73.1% (mother 36.7%) · prince 24.2% · king 17.3% · crowned 14.2% (median year 25) · 3.0s
try  4 · gen  104 · best    675.2 · elite    331.9 · median    -21.1 · years  27.5 · road 0.32 · starved  1120 · nobles  +4.0 · read 41.9 · walls  2.4 · fell 87.6% (mother 43.3%) · prince 13.7% · king  8.9% · crowned  6.8% (median year 52) · 3.0s
try  5 · gen  104 · best   1152.0 · elite    636.1 · median    186.7 · years  20.0 · road 0.41 · starved  1005 · nobles  +2.3 · read  8.5 · walls  3.2 · fell 67.6% (mother 43.0%) · prince 29.5% · king 20.2% · crowned 14.2% (median year 25) · 3.0s
try  6 · gen  104 · best   1024.0 · elite    645.3 · median    163.2 · years  18.1 · road 0.36 · starved   908 · nobles  +4.4 · read 23.0 · walls  2.0 · fell 76.8% (mother 40.7%) · prince 22.6% · king 17.2% · crowned 14.5% (median year 26) · 3.0s
try  7 · gen  104 · best    685.2 · elite    323.9 · median     13.6 · years  32.6 · road 0.37 · starved  1130 · nobles  -2.7 · read 54.5 · walls  4.7 · fell 88.9% (mother 33.0%) · prince 15.7% · king  8.1% · crowned  4.7% (median year 55) · 3.0s
try  8 · gen  104 · best    731.6 · elite    337.3 · median      9.6 · years  27.5 · road 0.37 · starved  1258 · nobles  -4.7 · read 13.5 · walls  3.2 · fell 88.4% (mother 40.0%) · prince 20.5% · king  9.5% · crowned  5.4% (median year 42) · 3.0s
try  1 · gen  105 · best    990.3 · elite    552.6 · median    131.2 · years  24.7 · road 0.35 · starved   912 · nobles  +5.9 · read 40.6 · walls  2.6 · fell 74.3% (mother 35.1%) · prince 21.5% · king 15.4% · crowned 11.9% (median year 33) · 3.0s
try  2 · gen  105 · best   1093.5 · elite    523.7 · median     59.9 · years  22.0 · road 0.33 · starved   997 · nobles  +4.5 · read 25.1 · walls  1.3 · fell 80.8% (mother 37.1%) · prince 20.9% · king 13.8% · crowned 10.8% (median year 30) · 3.0s
try  3 · gen  105 · best   1064.1 · elite    640.7 · median    171.0 · years  18.8 · road 0.38 · starved   865 · nobles  +3.1 · read 13.2 · walls  1.2 · fell 72.9% (mother 37.7%) · prince 25.0% · king 17.8% · crowned 14.4% (median year 26) · 3.0s
try  4 · gen  105 · best    647.4 · elite    334.7 · median    -20.9 · years  27.1 · road 0.32 · starved  1092 · nobles  +4.0 · read 41.5 · walls  2.6 · fell 87.0% (mother 43.1%) · prince 13.1% · king  8.9% · crowned  7.2% (median year 52) · 3.0s
try  5 · gen  105 · best    987.8 · elite    632.6 · median    180.7 · years  19.6 · road 0.40 · starved  1059 · nobles  +3.0 · read  8.5 · walls  3.1 · fell 65.7% (mother 40.0%) · prince 28.1% · king 19.5% · crowned 14.3% (median year 24) · 3.0s
try  6 · gen  105 · best   1120.1 · elite    621.8 · median    152.6 · years  17.9 · road 0.35 · starved   932 · nobles  +4.6 · read 22.1 · walls  1.9 · fell 78.0% (mother 43.5%) · prince 22.3% · king 16.9% · crowned 13.9% (median year 26) · 3.0s
try  7 · gen  105 · best    675.6 · elite    331.5 · median      9.5 · years  31.5 · road 0.37 · starved  1118 · nobles  -2.2 · read 51.8 · walls  4.9 · fell 89.2% (mother 33.9%) · prince 15.2% · king  7.9% · crowned  4.8% (median year 56) · 3.0s
try  8 · gen  105 · best    746.0 · elite    353.9 · median      6.4 · years  27.7 · road 0.37 · starved  1313 · nobles  -4.5 · read 12.6 · walls  3.2 · fell 89.9% (mother 41.8%) · prince 20.6% · king  9.3% · crowned  4.8% (median year 42) · 3.0s
try  1 · gen  106 · best    893.3 · elite    547.7 · median    112.0 · years  24.0 · road 0.35 · starved   921 · nobles  +5.5 · read 37.6 · walls  2.5 · fell 73.2% (mother 36.3%) · prince 20.7% · king 14.9% · crowned 11.7% (median year 31) · 3.0s
try  2 · gen  106 · best    977.9 · elite    529.7 · median     65.1 · years  22.2 · road 0.33 · starved   986 · nobles  +4.3 · read 25.5 · walls  1.3 · fell 80.4% (mother 36.3%) · prince 22.0% · king 14.1% · crowned 11.1% (median year 31) · 3.0s
try  3 · gen  106 · best   1127.0 · elite    595.8 · median    172.7 · years  18.7 · road 0.38 · starved   924 · nobles  +3.2 · read 12.8 · walls  1.2 · fell 74.2% (mother 39.7%) · prince 25.1% · king 17.1% · crowned 13.7% (median year 26) · 3.0s
try  4 · gen  106 · best    823.6 · elite    363.1 · median    -15.5 · years  27.5 · road 0.32 · starved  1053 · nobles  +3.9 · read 43.6 · walls  2.9 · fell 86.0% (mother 43.4%) · prince 13.6% · king  9.2% · crowned  7.6% (median year 51) · 3.0s
try  5 · gen  106 · best   1300.9 · elite    640.4 · median    186.4 · years  20.2 · road 0.41 · starved  1005 · nobles  +2.6 · read  9.1 · walls  3.2 · fell 66.4% (mother 41.2%) · prince 29.5% · king 19.9% · crowned 14.4% (median year 25) · 3.0s
try  6 · gen  106 · best   1221.0 · elite    632.9 · median    170.8 · years  18.3 · road 0.36 · starved   916 · nobles  +4.7 · read 22.9 · walls  1.9 · fell 76.0% (mother 39.8%) · prince 22.8% · king 17.8% · crowned 14.6% (median year 26) · 3.0s
try  7 · gen  106 · best    676.6 · elite    308.7 · median     12.5 · years  32.6 · road 0.37 · starved  1165 · nobles  -2.3 · read 53.6 · walls  5.1 · fell 89.5% (mother 32.6%) · prince 15.6% · king  7.8% · crowned  4.9% (median year 55) · 3.0s
try  8 · gen  106 · best    685.7 · elite    355.9 · median     11.5 · years  27.4 · road 0.37 · starved  1249 · nobles  -4.1 · read 13.5 · walls  2.9 · fell 88.9% (mother 40.8%) · prince 20.9% · king  9.7% · crowned  5.5% (median year 44) · 3.0s
try  1 · gen  107 · best    960.5 · elite    553.0 · median     53.9 · years  23.8 · road 0.35 · starved   887 · nobles  +5.7 · read 38.3 · walls  2.5 · fell 74.0% (mother 36.4%) · prince 20.5% · king 14.4% · crowned 11.1% (median year 32) · 3.0s
try  2 · gen  107 · best    918.3 · elite    493.4 · median     67.8 · years  22.1 · road 0.33 · starved   973 · nobles  +4.3 · read 25.1 · walls  1.3 · fell 81.4% (mother 36.3%) · prince 20.9% · king 14.0% · crowned 10.5% (median year 31) · 3.0s
try  3 · gen  107 · best   1126.5 · elite    599.8 · median    156.3 · years  18.5 · road 0.38 · starved   932 · nobles  +3.5 · read 12.8 · walls  1.2 · fell 75.3% (mother 42.1%) · prince 24.1% · king 16.4% · crowned 13.2% (median year 26) · 3.0s
try  4 · gen  107 · best    744.1 · elite    360.9 · median     -9.3 · years  27.8 · road 0.33 · starved  1029 · nobles  +3.5 · read 44.3 · walls  3.0 · fell 86.0% (mother 42.4%) · prince 14.2% · king  9.7% · crowned  7.8% (median year 51) · 3.0s
try  5 · gen  107 · best   1041.1 · elite    611.7 · median    169.1 · years  19.6 · road 0.40 · starved  1890 · nobles  +2.0 · read  8.7 · walls  3.0 · fell 69.6% (mother 45.0%) · prince 28.1% · king 19.1% · crowned 13.4% (median year 25) · 3.0s
try  6 · gen  107 · best   1045.9 · elite    663.1 · median    143.4 · years  17.6 · road 0.35 · starved   906 · nobles  +4.4 · read 21.3 · walls  2.0 · fell 77.5% (mother 42.1%) · prince 22.1% · king 17.2% · crowned 14.1% (median year 26) · 3.0s
try  7 · gen  107 · best    646.0 · elite    329.3 · median     11.0 · years  32.4 · road 0.37 · starved  1168 · nobles  -1.9 · read 55.8 · walls  4.9 · fell 89.8% (mother 34.2%) · prince 15.7% · king  8.3% · crowned  5.2% (median year 58) · 3.0s
try  8 · gen  107 · best    688.9 · elite    351.1 · median     10.0 · years  27.0 · road 0.37 · starved  1275 · nobles  -4.0 · read 13.6 · walls  2.9 · fell 89.9% (mother 42.0%) · prince 20.9% · king 10.0% · crowned  5.3% (median year 42) · 3.0s
try  1 · gen  108 · best    998.5 · elite    543.8 · median    132.8 · years  23.7 · road 0.35 · starved   973 · nobles  +5.7 · read 39.3 · walls  2.4 · fell 74.1% (mother 36.3%) · prince 21.9% · king 15.1% · crowned 11.6% (median year 31) · 3.1s
try  2 · gen  108 · best    974.8 · elite    539.8 · median     39.0 · years  22.0 · road 0.33 · starved  1049 · nobles  +4.3 · read 23.2 · walls  1.4 · fell 80.4% (mother 36.4%) · prince 21.2% · king 13.6% · crowned 10.8% (median year 30) · 3.1s
try  3 · gen  108 · best   1001.0 · elite    620.6 · median    165.6 · years  19.1 · road 0.39 · starved   970 · nobles  +3.3 · read 13.5 · walls  1.2 · fell 75.3% (mother 41.7%) · prince 25.0% · king 16.8% · crowned 13.7% (median year 26) · 3.1s
try  4 · gen  108 · best    632.1 · elite    361.2 · median    -13.1 · years  27.5 · road 0.32 · starved  1063 · nobles  +3.7 · read 43.8 · walls  3.0 · fell 86.5% (mother 43.4%) · prince 13.6% · king  9.4% · crowned  7.4% (median year 52) · 3.1s
try  5 · gen  108 · best    924.7 · elite    588.2 · median    167.6 · years  20.0 · road 0.41 · starved  1399 · nobles  +2.4 · read  8.8 · walls  3.1 · fell 69.4% (mother 44.1%) · prince 28.8% · king 18.7% · crowned 13.1% (median year 25) · 3.1s
try  6 · gen  108 · best   1163.8 · elite    633.1 · median    146.4 · years  18.0 · road 0.36 · starved   933 · nobles  +4.8 · read 22.0 · walls  2.2 · fell 77.5% (mother 43.0%) · prince 22.5% · king 16.5% · crowned 13.5% (median year 26) · 3.1s
try  7 · gen  108 · best    652.8 · elite    326.7 · median      7.4 · years  32.2 · road 0.36 · starved  1059 · nobles  -1.9 · read 56.1 · walls  4.7 · fell 90.0% (mother 31.9%) · prince 14.8% · king  7.8% · crowned  4.8% (median year 58) · 3.1s
try  8 · gen  108 · best    965.5 · elite    365.4 · median      9.9 · years  27.0 · road 0.37 · starved  1283 · nobles  -4.1 · read 13.9 · walls  2.9 · fell 89.6% (mother 40.7%) · prince 20.3% · king  9.6% · crowned  5.3% (median year 43) · 3.1s
try  1 · gen  109 · best   1241.2 · elite    552.7 · median    149.9 · years  23.3 · road 0.35 · starved   965 · nobles  +5.8 · read 39.3 · walls  2.4 · fell 72.1% (mother 35.7%) · prince 22.5% · king 15.8% · crowned 12.1% (median year 30) · 2.9s
try  2 · gen  109 · best    941.0 · elite    538.5 · median     38.9 · years  22.0 · road 0.33 · starved  1089 · nobles  +3.6 · read 23.2 · walls  1.3 · fell 81.0% (mother 37.3%) · prince 20.8% · king 13.6% · crowned 10.5% (median year 31) · 2.9s
try  3 · gen  109 · best   1213.1 · elite    585.7 · median    157.0 · years  18.8 · road 0.38 · starved   976 · nobles  +3.1 · read 13.0 · walls  1.3 · fell 76.2% (mother 42.2%) · prince 24.1% · king 16.4% · crowned 13.2% (median year 26) · 2.9s
try  4 · gen  109 · best    661.9 · elite    373.5 · median    -14.2 · years  27.4 · road 0.33 · starved  1022 · nobles  +3.5 · read 45.6 · walls  3.2 · fell 86.4% (mother 44.4%) · prince 13.5% · king  9.1% · crowned  7.4% (median year 50) · 2.9s
try  5 · gen  109 · best   1213.1 · elite    615.3 · median    176.0 · years  19.6 · road 0.40 · starved  1031 · nobles  +2.8 · read  8.5 · walls  3.0 · fell 68.9% (mother 43.6%) · prince 28.5% · king 19.3% · crowned 13.7% (median year 25) · 2.9s
try  6 · gen  109 · best   1167.5 · elite    644.5 · median    160.9 · years  18.1 · road 0.36 · starved   950 · nobles  +4.7 · read 22.1 · walls  2.2 · fell 77.0% (mother 41.5%) · prince 22.9% · king 17.4% · crowned 14.3% (median year 25) · 2.9s
try  7 · gen  109 · best    629.8 · elite    305.3 · median     12.2 · years  32.0 · road 0.36 · starved  1095 · nobles  -1.7 · read 55.3 · walls  4.8 · fell 88.6% (mother 31.8%) · prince 14.4% · king  7.9% · crowned  4.9% (median year 57) · 2.9s
try  8 · gen  109 · best    675.1 · elite    345.3 · median      7.7 · years  26.9 · road 0.36 · starved  1314 · nobles  -3.8 · read 14.9 · walls  2.7 · fell 89.9% (mother 41.4%) · prince 20.1% · king  9.4% · crowned  5.3% (median year 43) · 2.9s
try  1 · gen  110 · best    927.6 · elite    553.1 · median    135.5 · years  22.7 · road 0.35 · starved   897 · nobles  +5.8 · read 37.4 · walls  2.3 · fell 72.4% (mother 34.8%) · prince 22.0% · king 15.5% · crowned 11.9% (median year 29) · 3.1s
try  2 · gen  110 · best    894.0 · elite    508.2 · median     58.9 · years  21.7 · road 0.33 · starved  1106 · nobles  +4.2 · read 22.4 · walls  1.3 · fell 80.4% (mother 38.1%) · prince 21.6% · king 14.4% · crowned 11.0% (median year 30) · 3.1s
try  3 · gen  110 · best    974.9 · elite    616.6 · median    135.9 · years  18.5 · road 0.38 · starved   992 · nobles  +2.8 · read 12.4 · walls  1.4 · fell 76.6% (mother 43.5%) · prince 23.8% · king 16.5% · crowned 13.0% (median year 25) · 3.1s
try  4 · gen  110 · best    669.2 · elite    353.5 · median    -13.4 · years  27.6 · road 0.33 · starved  1049 · nobles  +3.5 · read 48.3 · walls  3.3 · fell 86.8% (mother 43.1%) · prince 13.3% · king  9.1% · crowned  7.3% (median year 51) · 3.1s
try  5 · gen  110 · best   1011.4 · elite    600.3 · median    177.7 · years  19.8 · road 0.40 · starved   998 · nobles  +2.6 · read  9.2 · walls  3.0 · fell 68.3% (mother 43.9%) · prince 28.8% · king 19.5% · crowned 13.7% (median year 25) · 3.1s
try  6 · gen  110 · best   1178.2 · elite    637.0 · median    165.7 · years  17.8 · road 0.35 · starved   895 · nobles  +5.1 · read 22.1 · walls  2.1 · fell 77.2% (mother 41.0%) · prince 22.7% · king 17.4% · crowned 14.4% (median year 26) · 3.1s
try  7 · gen  110 · best    646.6 · elite    331.9 · median     11.0 · years  31.4 · road 0.36 · starved  1067 · nobles  -1.4 · read 53.7 · walls  4.9 · fell 88.8% (mother 32.0%) · prince 14.6% · king  7.9% · crowned  5.2% (median year 56) · 3.1s
try  8 · gen  110 · best    720.4 · elite    346.7 · median     13.9 · years  26.9 · road 0.36 · starved  1275 · nobles  -3.4 · read 15.3 · walls  2.6 · fell 89.8% (mother 40.1%) · prince 20.2% · king 10.1% · crowned  5.6% (median year 43) · 3.1s
try  1 · gen  111 · best   1011.9 · elite    605.1 · median    144.2 · years  22.5 · road 0.36 · starved   832 · nobles  +5.7 · read 36.3 · walls  2.5 · fell 70.5% (mother 35.9%) · prince 23.6% · king 16.5% · crowned 12.6% (median year 28) · 3.0s
try  2 · gen  111 · best    898.1 · elite    525.3 · median    114.9 · years  21.6 · road 0.33 · starved  1053 · nobles  +4.2 · read 23.3 · walls  1.3 · fell 78.9% (mother 36.2%) · prince 22.4% · king 14.8% · crowned 11.4% (median year 29) · 3.0s
try  3 · gen  111 · best    954.5 · elite    615.4 · median    156.4 · years  19.0 · road 0.39 · starved   971 · nobles  +2.9 · read 12.8 · walls  1.5 · fell 75.2% (mother 41.5%) · prince 24.7% · king 16.8% · crowned 13.5% (median year 26) · 3.0s
try  4 · gen  111 · best    639.1 · elite    347.5 · median    -10.5 · years  29.0 · road 0.33 · starved  1084 · nobles  +4.2 · read 49.1 · walls  3.6 · fell 87.0% (mother 42.7%) · prince 14.4% · king  9.1% · crowned  7.3% (median year 52) · 3.0s
try  5 · gen  111 · best    954.9 · elite    611.3 · median    168.6 · years  19.8 · road 0.40 · starved  2299 · nobles  +2.4 · read  8.7 · walls  2.8 · fell 69.4% (mother 44.7%) · prince 28.7% · king 19.0% · crowned 13.5% (median year 25) · 3.0s
try  6 · gen  111 · best   1169.6 · elite    637.4 · median    170.6 · years  17.9 · road 0.36 · starved   887 · nobles  +4.8 · read 22.0 · walls  2.3 · fell 75.8% (mother 41.9%) · prince 23.3% · king 17.9% · crowned 14.8% (median year 26) · 3.0s
try  7 · gen  111 · best    664.9 · elite    321.1 · median      5.7 · years  31.7 · road 0.36 · starved  1106 · nobles  -1.6 · read 55.4 · walls  4.8 · fell 89.8% (mother 32.9%) · prince 14.0% · king  7.9% · crowned  4.9% (median year 56) · 3.0s
try  8 · gen  111 · best    660.8 · elite    371.1 · median      9.3 · years  27.0 · road 0.36 · starved  1276 · nobles  -3.3 · read 14.6 · walls  2.6 · fell 89.5% (mother 41.3%) · prince 20.5% · king 10.3% · crowned  5.5% (median year 44) · 3.0s
try  1 · gen  112 · best    958.7 · elite    630.9 · median    168.3 · years  22.4 · road 0.36 · starved   764 · nobles  +6.2 · read 35.2 · walls  2.7 · fell 68.2% (mother 33.0%) · prince 23.9% · king 16.5% · crowned 13.4% (median year 28) · 3.2s
try  2 · gen  112 · best    940.5 · elite    519.0 · median     73.0 · years  21.9 · road 0.34 · starved  1061 · nobles  +4.4 · read 23.6 · walls  1.3 · fell 80.5% (mother 37.8%) · prince 22.4% · king 14.4% · crowned 11.0% (median year 31) · 3.2s
try  3 · gen  112 · best   1008.5 · elite    604.2 · median    159.7 · years  19.1 · road 0.39 · starved   968 · nobles  +3.5 · read 12.4 · walls  1.5 · fell 75.3% (mother 42.4%) · prince 24.9% · king 16.8% · crowned 13.5% (median year 26) · 3.2s
try  4 · gen  112 · best    809.0 · elite    371.0 · median     -3.4 · years  28.4 · road 0.33 · starved  1039 · nobles  +4.7 · read 49.9 · walls  3.5 · fell 85.9% (mother 42.5%) · prince 13.6% · king  9.4% · crowned  7.9% (median year 52) · 3.2s
try  5 · gen  112 · best   1249.3 · elite    618.5 · median    162.6 · years  19.7 · road 0.40 · starved  2081 · nobles  +2.7 · read  8.6 · walls  2.8 · fell 69.9% (mother 45.7%) · prince 27.5% · king 18.4% · crowned 13.6% (median year 25) · 3.2s
try  6 · gen  112 · best   1171.8 · elite    655.8 · median    161.6 · years  18.2 · road 0.36 · starved   929 · nobles  +4.9 · read 21.7 · walls  2.6 · fell 76.7% (mother 43.6%) · prince 23.5% · king 17.4% · crowned 14.5% (median year 27) · 3.2s
try  7 · gen  112 · best    673.3 · elite    340.2 · median     10.5 · years  30.9 · road 0.36 · starved  1055 · nobles  -1.2 · read 53.0 · walls  4.9 · fell 89.2% (mother 33.0%) · prince 14.4% · king  8.0% · crowned  5.5% (median year 56) · 3.2s
try  8 · gen  112 · best    733.3 · elite    380.0 · median     19.1 · years  27.0 · road 0.36 · starved  1235 · nobles  -3.0 · read 15.4 · walls  2.6 · fell 89.2% (mother 38.7%) · prince 20.8% · king 10.6% · crowned  6.2% (median year 43) · 3.2s
try  1 · gen  113 · best   1170.8 · elite    648.0 · median    178.8 · years  22.3 · road 0.37 · starved   733 · nobles  +6.5 · read 34.1 · walls  2.8 · fell 66.5% (mother 32.5%) · prince 24.6% · king 17.6% · crowned 14.0% (median year 27) · 3.2s
try  2 · gen  113 · best    971.4 · elite    511.7 · median     40.4 · years  21.8 · road 0.34 · starved  1098 · nobles  +4.3 · read 23.0 · walls  1.4 · fell 81.3% (mother 38.1%) · prince 22.3% · king 14.0% · crowned 10.4% (median year 30) · 3.2s
try  3 · gen  113 · best   1233.5 · elite    621.0 · median    157.5 · years  18.6 · road 0.38 · starved   971 · nobles  +3.3 · read 11.6 · walls  1.6 · fell 75.4% (mother 42.8%) · prince 23.9% · king 16.6% · crowned 13.6% (median year 26) · 3.2s
try  4 · gen  113 · best    884.1 · elite    354.6 · median     -9.0 · years  28.0 · road 0.33 · starved  1051 · nobles  +4.9 · read 50.6 · walls  3.4 · fell 86.6% (mother 42.8%) · prince 13.7% · king  9.0% · crowned  7.7% (median year 51) · 3.2s
try  5 · gen  113 · best   1034.0 · elite    612.8 · median    155.1 · years  20.1 · road 0.40 · starved  2844 · nobles  +2.7 · read  8.9 · walls  2.8 · fell 70.5% (mother 44.7%) · prince 28.3% · king 18.1% · crowned 12.9% (median year 25) · 3.2s
try  6 · gen  113 · best    976.5 · elite    613.8 · median    167.8 · years  18.0 · road 0.36 · starved   908 · nobles  +5.3 · read 21.0 · walls  2.6 · fell 77.1% (mother 43.0%) · prince 22.6% · king 17.1% · crowned 14.6% (median year 27) · 3.2s
try  7 · gen  113 · best    724.7 · elite    341.8 · median      7.5 · years  31.1 · road 0.36 · starved  1097 · nobles  -1.2 · read 51.6 · walls  5.1 · fell 89.0% (mother 32.8%) · prince 14.2% · king  8.4% · crowned  5.7% (median year 56) · 3.2s
try  8 · gen  113 · best    823.1 · elite    405.4 · median     18.4 · years  27.0 · road 0.36 · starved  1237 · nobles  -2.9 · read 16.0 · walls  2.5 · fell 89.4% (mother 38.9%) · prince 21.0% · king 10.6% · crowned  6.3% (median year 43) · 3.2s
try  1 · gen  114 · best   1208.3 · elite    631.1 · median    177.0 · years  22.4 · road 0.37 · starved   756 · nobles  +6.0 · read 33.5 · walls  2.8 · fell 66.8% (mother 33.3%) · prince 25.3% · king 17.4% · crowned 14.0% (median year 27) · 3.0s
try  2 · gen  114 · best    963.4 · elite    530.8 · median    138.1 · years  21.5 · road 0.33 · starved  1035 · nobles  +5.1 · read 22.8 · walls  1.3 · fell 79.4% (mother 36.6%) · prince 21.3% · king 14.6% · crowned 11.8% (median year 30) · 3.0s
try  3 · gen  114 · best   1208.4 · elite    628.1 · median    159.6 · years  18.6 · road 0.38 · starved   984 · nobles  +4.0 · read 11.6 · walls  1.7 · fell 74.2% (mother 41.1%) · prince 24.9% · king 17.3% · crowned 13.9% (median year 26) · 3.0s
try  4 · gen  114 · best    618.2 · elite    353.3 · median     -8.8 · years  28.0 · road 0.33 · starved  1037 · nobles  +4.3 · read 51.1 · walls  3.4 · fell 86.2% (mother 42.8%) · prince 14.0% · king  9.2% · crowned  7.7% (median year 52) · 3.0s
try  5 · gen  114 · best   1196.3 · elite    636.1 · median    179.3 · years  20.2 · road 0.40 · starved  1771 · nobles  +3.4 · read  8.9 · walls  2.8 · fell 68.1% (mother 43.5%) · prince 29.5% · king 18.9% · crowned 13.8% (median year 24) · 3.0s
try  6 · gen  114 · best   1186.5 · elite    659.9 · median    167.2 · years  18.2 · road 0.37 · starved   911 · nobles  +5.5 · read 21.4 · walls  2.7 · fell 74.9% (mother 39.7%) · prince 23.3% · king 17.9% · crowned 15.4% (median year 26) · 3.0s
try  7 · gen  114 · best    855.7 · elite    333.7 · median      9.8 · years  30.7 · road 0.36 · starved  1059 · nobles  -1.0 · read 52.3 · walls  5.0 · fell 89.3% (mother 32.7%) · prince 13.6% · king  8.7% · crowned  5.6% (median year 56) · 3.0s
try  8 · gen  114 · best    694.1 · elite    394.8 · median     17.4 · years  26.9 · road 0.35 · starved  1193 · nobles  -2.1 · read 16.6 · walls  2.3 · fell 88.5% (mother 37.9%) · prince 20.4% · king 11.0% · crowned  6.7% (median year 44) · 3.0s
try  1 · gen  115 · best    977.8 · elite    593.6 · median    182.6 · years  22.1 · road 0.37 · starved   756 · nobles  +5.9 · read 31.9 · walls  2.9 · fell 67.0% (mother 33.5%) · prince 24.5% · king 17.4% · crowned 13.8% (median year 27) · 3.3s
try  2 · gen  115 · best   1018.2 · elite    533.3 · median     41.0 · years  22.1 · road 0.34 · starved  1089 · nobles  +4.7 · read 23.5 · walls  1.5 · fell 81.3% (mother 35.5%) · prince 21.8% · king 14.2% · crowned 10.7% (median year 31) · 3.3s
try  3 · gen  115 · best    962.4 · elite    614.7 · median    153.0 · years  18.4 · road 0.38 · starved   977 · nobles  +3.5 · read 11.4 · walls  1.7 · fell 75.5% (mother 44.9%) · prince 23.8% · king 17.0% · crowned 13.6% (median year 26) · 3.3s
try  4 · gen  115 · best    627.5 · elite    381.2 · median    -10.7 · years  28.4 · road 0.33 · starved  1039 · nobles  +4.3 · read 52.8 · walls  3.4 · fell 86.1% (mother 43.2%) · prince 14.3% · king  9.5% · crowned  7.8% (median year 52) · 3.3s
try  5 · gen  115 · best   1004.3 · elite    618.2 · median    184.8 · years  20.8 · road 0.41 · starved  1055 · nobles  +3.2 · read  9.2 · walls  2.9 · fell 68.0% (mother 41.1%) · prince 30.8% · king 19.4% · crowned 13.9% (median year 25) · 3.3s
try  6 · gen  115 · best   1177.8 · elite    605.8 · median    172.5 · years  18.1 · road 0.37 · starved   907 · nobles  +5.5 · read 21.1 · walls  3.0 · fell 75.3% (mother 42.1%) · prince 23.5% · king 17.4% · crowned 14.7% (median year 26) · 3.3s
try  7 · gen  115 · best    656.8 · elite    338.7 · median      4.6 · years  30.6 · road 0.36 · starved  1082 · nobles  -1.2 · read 51.4 · walls  4.9 · fell 89.6% (mother 32.3%) · prince 13.6% · king  7.8% · crowned  5.0% (median year 54) · 3.3s
try  8 · gen  115 · best    925.4 · elite    406.6 · median     10.2 · years  25.6 · road 0.34 · starved  1100 · nobles  -1.6 · read 16.6 · walls  2.2 · fell 87.5% (mother 36.7%) · prince 19.0% · king 10.4% · crowned  6.8% (median year 42) · 3.3s
try  1 · gen  116 · best   1199.6 · elite    620.9 · median    188.2 · years  22.0 · road 0.38 · starved   763 · nobles  +5.5 · read 31.0 · walls  3.2 · fell 67.1% (mother 34.0%) · prince 25.6% · king 18.5% · crowned 14.5% (median year 27) · 3.0s
try  2 · gen  116 · best    947.9 · elite    534.9 · median    102.4 · years  21.8 · road 0.34 · starved  1056 · nobles  +4.5 · read 23.2 · walls  1.5 · fell 79.4% (mother 35.3%) · prince 23.2% · king 14.2% · crowned 11.3% (median year 31) · 3.0s
try  3 · gen  116 · best   1165.4 · elite    593.7 · median    139.7 · years  18.2 · road 0.37 · starved   988 · nobles  +3.9 · read 11.4 · walls  1.7 · fell 75.9% (mother 44.7%) · prince 24.2% · king 16.4% · crowned 13.2% (median year 26) · 3.0s
try  4 · gen  116 · best    618.6 · elite    360.2 · median     -3.3 · years  28.7 · road 0.33 · starved  1031 · nobles  +4.5 · read 52.5 · walls  3.7 · fell 85.1% (mother 41.5%) · prince 14.1% · king  9.6% · crowned  8.0% (median year 53) · 3.0s
try  5 · gen  116 · best    984.4 · elite    622.6 · median    174.5 · years  21.2 · road 0.41 · starved  1362 · nobles  +3.0 · read  9.8 · walls  3.0 · fell 70.1% (mother 44.7%) · prince 30.7% · king 19.2% · crowned 13.1% (median year 25) · 3.0s
try  6 · gen  116 · best   1201.9 · elite    659.8 · median    177.3 · years  18.2 · road 0.37 · starved   903 · nobles  +6.0 · read 21.4 · walls  3.0 · fell 74.7% (mother 41.6%) · prince 24.2% · king 18.1% · crowned 15.1% (median year 26) · 3.0s
try  7 · gen  116 · best    697.9 · elite    352.4 · median      5.1 · years  30.9 · road 0.36 · starved  1127 · nobles  -0.9 · read 50.3 · walls  5.1 · fell 89.6% (mother 33.0%) · prince 14.4% · king  8.4% · crowned  5.8% (median year 55) · 3.0s
try  8 · gen  116 · best    867.4 · elite    362.2 · median     10.1 · years  25.8 · road 0.35 · starved  1217 · nobles  -1.8 · read 14.6 · walls  2.5 · fell 88.9% (mother 40.0%) · prince 19.0% · king 10.2% · crowned  6.4% (median year 43) · 3.0s
try  1 · gen  117 · best    960.2 · elite    608.7 · median    183.6 · years  21.5 · road 0.38 · starved   802 · nobles  +5.8 · read 28.8 · walls  3.0 · fell 68.1% (mother 36.0%) · prince 24.2% · king 17.8% · crowned 14.4% (median year 26) · 3.0s
try  2 · gen  117 · best   1450.7 · elite    528.0 · median    135.5 · years  22.0 · road 0.34 · starved   900 · nobles  +4.2 · read 23.6 · walls  1.5 · fell 79.3% (mother 33.2%) · prince 23.4% · king 15.3% · crowned 11.7% (median year 31) · 3.0s
try  3 · gen  117 · best   1181.4 · elite    634.5 · median    141.1 · years  18.2 · road 0.38 · starved   968 · nobles  +3.6 · read 11.5 · walls  1.8 · fell 75.2% (mother 45.0%) · prince 24.4% · king 16.9% · crowned 13.9% (median year 26) · 3.0s
try  4 · gen  117 · best    637.4 · elite    396.1 · median     -5.9 · years  28.5 · road 0.34 · starved  1029 · nobles  +4.3 · read 51.6 · walls  3.9 · fell 85.7% (mother 42.1%) · prince 14.5% · king 10.1% · crowned  8.4% (median year 51) · 3.0s
try  5 · gen  117 · best    989.7 · elite    619.6 · median    172.9 · years  21.1 · road 0.42 · starved  1426 · nobles  +2.9 · read  9.9 · walls  3.1 · fell 68.8% (mother 43.9%) · prince 30.2% · king 18.7% · crowned 13.6% (median year 25) · 3.0s
try  6 · gen  117 · best   1125.5 · elite    638.9 · median    178.7 · years  18.3 · road 0.37 · starved   850 · nobles  +6.5 · read 22.3 · walls  3.2 · fell 73.3% (mother 37.5%) · prince 24.2% · king 18.5% · crowned 15.5% (median year 26) · 3.0s
try  7 · gen  117 · best    665.0 · elite    319.8 · median      4.1 · years  31.1 · road 0.36 · starved  1186 · nobles  -1.3 · read 49.2 · walls  5.3 · fell 90.4% (mother 33.0%) · prince 13.7% · king  8.2% · crowned  5.4% (median year 55) · 3.0s
try  8 · gen  117 · best    658.4 · elite    372.5 · median     11.7 · years  25.8 · road 0.35 · starved  1175 · nobles  -2.2 · read 15.2 · walls  2.3 · fell 89.0% (mother 38.9%) · prince 19.8% · king 10.3% · crowned  6.2% (median year 42) · 3.0s
try  1 · gen  118 · best   1063.4 · elite    632.1 · median    185.5 · years  21.3 · road 0.38 · starved   830 · nobles  +5.3 · read 27.4 · walls  3.0 · fell 68.3% (mother 37.3%) · prince 25.2% · king 18.5% · crowned 14.3% (median year 26) · 2.9s
try  2 · gen  118 · best   1188.5 · elite    544.4 · median    130.3 · years  21.6 · road 0.34 · starved   891 · nobles  +4.1 · read 25.1 · walls  1.4 · fell 77.5% (mother 33.0%) · prince 23.6% · king 15.7% · crowned 12.0% (median year 29) · 2.9s
try  3 · gen  118 · best    982.4 · elite    611.9 · median    162.5 · years  18.3 · road 0.38 · starved   924 · nobles  +3.5 · read 11.6 · walls  1.9 · fell 74.8% (mother 44.3%) · prince 23.8% · king 17.0% · crowned 14.0% (median year 26) · 2.9s
try  4 · gen  118 · best    690.4 · elite    409.1 · median      0.5 · years  27.8 · road 0.33 · starved  1003 · nobles  +4.2 · read 50.8 · walls  3.9 · fell 84.9% (mother 43.1%) · prince 14.3% · king 10.9% · crowned  8.9% (median year 51) · 2.9s
try  5 · gen  118 · best   1141.4 · elite    598.6 · median    179.9 · years  20.3 · road 0.41 · starved  1069 · nobles  +3.8 · read  9.5 · walls  3.1 · fell 68.1% (mother 43.7%) · prince 29.6% · king 18.9% · crowned 13.8% (median year 25) · 2.9s
try  6 · gen  118 · best    977.1 · elite    638.1 · median    176.9 · years  18.1 · road 0.37 · starved   856 · nobles  +6.6 · read 21.8 · walls  3.0 · fell 73.6% (mother 37.9%) · prince 23.7% · king 18.4% · crowned 15.7% (median year 26) · 2.9s
try  7 · gen  118 · best    603.8 · elite    329.6 · median      7.6 · years  31.1 · road 0.36 · starved  1114 · nobles  -1.0 · read 47.5 · walls  5.4 · fell 89.2% (mother 31.4%) · prince 13.6% · king  8.1% · crowned  5.4% (median year 55) · 2.9s
try  8 · gen  118 · best    705.4 · elite    400.5 · median     17.6 · years  25.3 · road 0.35 · starved  1148 · nobles  -2.4 · read 14.0 · walls  2.1 · fell 88.0% (mother 37.6%) · prince 20.3% · king 11.1% · crowned  7.0% (median year 41) · 2.9s
try  1 · gen  119 · best   1007.9 · elite    632.7 · median    188.1 · years  20.8 · road 0.38 · starved   839 · nobles  +5.9 · read 25.6 · walls  3.0 · fell 68.9% (mother 37.2%) · prince 25.2% · king 18.6% · crowned 14.3% (median year 25) · 3.0s
try  2 · gen  119 · best    958.4 · elite    587.2 · median    145.1 · years  21.7 · road 0.34 · starved   857 · nobles  +4.5 · read 24.8 · walls  1.4 · fell 76.9% (mother 32.0%) · prince 24.0% · king 15.7% · crowned 12.4% (median year 29) · 3.0s
try  3 · gen  119 · best   1019.4 · elite    639.5 · median    166.1 · years  18.2 · road 0.38 · starved   905 · nobles  +4.0 · read 11.7 · walls  1.8 · fell 73.4% (mother 42.4%) · prince 24.6% · king 17.8% · crowned 14.7% (median year 26) · 3.0s
try  4 · gen  119 · best    697.7 · elite    418.5 · median      4.2 · years  28.3 · road 0.34 · starved  1017 · nobles  +4.2 · read 51.2 · walls  3.9 · fell 84.5% (mother 42.5%) · prince 15.6% · king 11.3% · crowned  9.1% (median year 50) · 3.0s
try  5 · gen  119 · best   1030.9 · elite    655.5 · median    172.1 · years  20.1 · road 0.41 · starved  1564 · nobles  +3.5 · read  9.2 · walls  3.1 · fell 67.8% (mother 44.7%) · prince 29.4% · king 18.6% · crowned 13.8% (median year 25) · 3.0s
try  6 · gen  119 · best   1173.1 · elite    625.3 · median    171.4 · years  17.9 · road 0.37 · starved   890 · nobles  +6.0 · read 21.9 · walls  2.9 · fell 75.1% (mother 40.7%) · prince 23.0% · king 17.8% · crowned 14.6% (median year 26) · 3.0s
try  7 · gen  119 · best    888.8 · elite    354.9 · median      7.7 · years  31.5 · road 0.36 · starved  1085 · nobles  -0.9 · read 46.7 · walls  5.5 · fell 89.7% (mother 30.3%) · prince 13.6% · king  8.0% · crowned  5.5% (median year 55) · 3.0s
try  8 · gen  119 · best    811.4 · elite    407.8 · median     22.1 · years  25.3 · road 0.35 · starved  1127 · nobles  -2.9 · read 13.6 · walls  2.0 · fell 88.4% (mother 37.0%) · prince 22.0% · king 11.2% · crowned  6.6% (median year 39) · 3.0s
try  1 · gen  120 · best    982.1 · elite    613.0 · median    190.1 · years  20.9 · road 0.38 · starved   842 · nobles  +5.9 · read 25.6 · walls  2.8 · fell 68.1% (mother 37.3%) · prince 25.8% · king 18.5% · crowned 14.2% (median year 25) · 3.0s
try  2 · gen  120 · best   1010.4 · elite    578.8 · median    154.9 · years  21.7 · road 0.34 · starved   858 · nobles  +4.5 · read 25.7 · walls  1.4 · fell 76.9% (mother 30.6%) · prince 24.6% · king 15.8% · crowned 12.6% (median year 29) · 3.0s
try  3 · gen  120 · best   1167.6 · elite    651.5 · median    168.0 · years  18.1 · road 0.38 · starved   898 · nobles  +4.0 · read 11.7 · walls  1.8 · fell 72.7% (mother 41.2%) · prince 24.5% · king 18.1% · crowned 15.0% (median year 25) · 3.0s
try  4 · gen  120 · best    656.5 · elite    373.9 · median      8.9 · years  27.3 · road 0.33 · starved   976 · nobles  +3.5 · read 50.5 · walls  3.8 · fell 84.9% (mother 42.4%) · prince 14.8% · king 10.7% · crowned  8.7% (median year 48) · 3.0s
try  5 · gen  120 · best   1161.6 · elite    595.1 · median    176.5 · years  19.7 · road 0.40 · starved  1471 · nobles  +3.4 · read  9.0 · walls  3.1 · fell 69.4% (mother 47.6%) · prince 27.7% · king 17.9% · crowned 13.7% (median year 24) · 3.0s
try  6 · gen  120 · best   1006.8 · elite    628.2 · median    172.6 · years  17.7 · road 0.36 · starved   904 · nobles  +5.5 · read 21.1 · walls  2.7 · fell 74.1% (mother 39.2%) · prince 22.3% · king 17.5% · crowned 14.8% (median year 25) · 3.0s
try  7 · gen  120 · best    908.3 · elite    336.4 · median      8.8 · years  31.6 · road 0.36 · starved  1127 · nobles  -1.1 · read 48.5 · walls  5.3 · fell 89.7% (mother 31.4%) · prince 13.8% · king  8.4% · crowned  5.5% (median year 56) · 3.0s
try  8 · gen  120 · best    798.5 · elite    430.0 · median     28.1 · years  25.3 · road 0.35 · starved  1127 · nobles  -2.6 · read 11.9 · walls  1.9 · fell 86.6% (mother 35.5%) · prince 21.9% · king 11.4% · crowned  7.4% (median year 38) · 3.0s
try  1 · gen  121 · best   1034.3 · elite    635.6 · median    193.1 · years  20.8 · road 0.38 · starved   764 · nobles  +6.2 · read 25.4 · walls  2.6 · fell 68.2% (mother 35.3%) · prince 25.8% · king 18.5% · crowned 14.6% (median year 25) · 3.0s
try  2 · gen  121 · best   1008.0 · elite    587.9 · median    150.1 · years  21.3 · road 0.35 · starved   848 · nobles  +4.5 · read 24.2 · walls  1.3 · fell 75.6% (mother 32.1%) · prince 24.8% · king 16.2% · crowned 12.8% (median year 28) · 3.0s
try  3 · gen  121 · best    952.4 · elite    616.8 · median    167.1 · years  18.1 · road 0.39 · starved   924 · nobles  +3.9 · read 12.0 · walls  1.9 · fell 73.2% (mother 42.0%) · prince 24.0% · king 17.4% · crowned 14.3% (median year 25) · 3.0s
try  4 · gen  121 · best    809.6 · elite    401.1 · median     -2.0 · years  27.0 · road 0.33 · starved   976 · nobles  +3.7 · read 49.0 · walls  3.8 · fell 84.6% (mother 43.1%) · prince 14.6% · king 10.7% · crowned  9.1% (median year 48) · 3.0s
try  5 · gen  121 · best    994.7 · elite    619.7 · median    171.1 · years  19.7 · road 0.40 · starved  1260 · nobles  +3.2 · read  9.4 · walls  3.1 · fell 68.5% (mother 45.5%) · prince 27.7% · king 18.4% · crowned 13.7% (median year 24) · 3.0s
try  6 · gen  121 · best    979.4 · elite    642.0 · median    172.3 · years  17.9 · road 0.37 · starved   887 · nobles  +6.2 · read 20.2 · walls  2.9 · fell 73.8% (mother 40.0%) · prince 23.9% · king 18.2% · crowned 15.6% (median year 26) · 3.0s
try  7 · gen  121 · best    819.6 · elite    332.3 · median     12.3 · years  31.1 · road 0.36 · starved  1080 · nobles  -0.6 · read 46.9 · walls  5.5 · fell 89.1% (mother 31.9%) · prince 13.5% · king  8.4% · crowned  5.8% (median year 58) · 3.0s
try  8 · gen  121 · best    764.6 · elite    410.2 · median     29.9 · years  25.4 · road 0.35 · starved  1158 · nobles  -2.5 · read 10.4 · walls  2.0 · fell 87.6% (mother 36.7%) · prince 23.1% · king 11.8% · crowned  7.0% (median year 38) · 3.0s
try  1 · gen  122 · best    988.9 · elite    622.6 · median    189.9 · years  20.8 · road 0.38 · starved   787 · nobles  +6.8 · read 25.0 · walls  2.6 · fell 67.1% (mother 34.5%) · prince 25.7% · king 18.1% · crowned 14.6% (median year 24) · 2.9s
try  2 · gen  122 · best   1061.3 · elite    567.5 · median    165.1 · years  21.2 · road 0.35 · starved   912 · nobles  +4.4 · read 23.5 · walls  1.4 · fell 76.9% (mother 33.8%) · prince 25.1% · king 16.5% · crowned 12.7% (median year 29) · 2.9s
try  3 · gen  122 · best   1211.5 · elite    623.4 · median    158.7 · years  17.8 · road 0.38 · starved   914 · nobles  +3.8 · read 12.2 · walls  1.9 · fell 73.7% (mother 44.0%) · prince 24.1% · king 17.2% · crowned 14.1% (median year 25) · 2.9s
try  4 · gen  122 · best    763.5 · elite    400.1 · median      1.6 · years  26.4 · road 0.33 · starved   976 · nobles  +3.4 · read 46.1 · walls  3.7 · fell 85.2% (mother 43.9%) · prince 14.4% · king 10.6% · crowned  8.5% (median year 48) · 2.9s
try  5 · gen  122 · best   1003.1 · elite    654.8 · median    172.1 · years  19.3 · road 0.40 · starved  1807 · nobles  +3.9 · read  9.5 · walls  3.0 · fell 68.1% (mother 43.0%) · prince 27.5% · king 18.6% · crowned 14.1% (median year 24) · 2.9s
try  6 · gen  122 · best   1010.4 · elite    654.4 · median    172.7 · years  17.6 · road 0.37 · starved   885 · nobles  +5.5 · read 19.4 · walls  2.9 · fell 74.2% (mother 40.7%) · prince 23.1% · king 17.6% · crowned 14.9% (median year 25) · 2.9s
try  7 · gen  122 · best    649.1 · elite    351.6 · median      7.8 · years  31.5 · road 0.36 · starved  1092 · nobles  -0.8 · read 47.4 · walls  5.8 · fell 89.6% (mother 32.1%) · prince 13.2% · king  8.4% · crowned  5.7% (median year 56) · 2.9s
try  8 · gen  122 · best    804.1 · elite    392.9 · median     28.9 · years  25.1 · road 0.35 · starved  1140 · nobles  -2.8 · read 10.1 · walls  1.9 · fell 87.3% (mother 35.6%) · prince 23.9% · king 11.5% · crowned  6.8% (median year 37) · 2.9s
try  1 · gen  123 · best    966.8 · elite    628.5 · median    196.5 · years  21.2 · road 0.38 · starved   836 · nobles  +7.3 · read 25.9 · walls  2.7 · fell 68.8% (mother 35.0%) · prince 25.9% · king 18.2% · crowned 14.5% (median year 25) · 2.9s
try  2 · gen  123 · best   1215.4 · elite    560.8 · median    151.6 · years  21.5 · road 0.35 · starved   913 · nobles  +3.9 · read 24.2 · walls  1.4 · fell 78.1% (mother 34.1%) · prince 25.5% · king 15.8% · crowned 12.4% (median year 29) · 2.9s
try  3 · gen  123 · best   1161.0 · elite    653.3 · median    178.0 · years  17.6 · road 0.39 · starved   899 · nobles  +4.7 · read 12.5 · walls  1.8 · fell 70.7% (mother 41.5%) · prince 24.8% · king 18.1% · crowned 15.3% (median year 25) · 2.9s
try  4 · gen  123 · best    636.0 · elite    399.9 · median      2.6 · years  27.7 · road 0.34 · starved   992 · nobles  +3.7 · read 49.1 · walls  3.9 · fell 84.8% (mother 40.2%) · prince 14.9% · king 10.8% · crowned  8.8% (median year 49) · 2.9s
try  5 · gen  123 · best   1012.7 · elite    626.9 · median    170.7 · years  19.6 · road 0.40 · starved  1153 · nobles  +3.1 · read  9.5 · walls  3.2 · fell 68.8% (mother 45.1%) · prince 27.2% · king 18.4% · crowned 13.8% (median year 24) · 2.9s
try  6 · gen  123 · best    986.4 · elite    639.3 · median    174.4 · years  17.7 · road 0.36 · starved   896 · nobles  +5.6 · read 19.3 · walls  2.9 · fell 74.8% (mother 41.5%) · prince 23.3% · king 18.1% · crowned 15.1% (median year 25) · 2.9s
try  7 · gen  123 · best    794.5 · elite    319.0 · median     12.6 · years  31.7 · road 0.36 · starved  1141 · nobles  -1.0 · read 46.3 · walls  5.7 · fell 89.5% (mother 32.8%) · prince 14.0% · king  8.3% · crowned  5.6% (median year 57) · 2.9s
try  8 · gen  123 · best    875.9 · elite    401.4 · median     31.9 · years  25.4 · road 0.36 · starved  1155 · nobles  -3.0 · read 10.1 · walls  1.9 · fell 87.8% (mother 37.2%) · prince 24.0% · king 11.5% · crowned  6.6% (median year 37) · 2.9s
try  1 · gen  124 · best   1272.4 · elite    647.7 · median    182.3 · years  21.1 · road 0.38 · starved   797 · nobles  +7.1 · read 25.4 · walls  2.7 · fell 69.1% (mother 34.2%) · prince 25.1% · king 17.6% · crowned 14.4% (median year 25) · 2.9s
try  2 · gen  124 · best   1057.1 · elite    585.9 · median    156.3 · years  21.6 · road 0.35 · starved   914 · nobles  +4.4 · read 24.3 · walls  1.4 · fell 76.8% (mother 34.0%) · prince 25.3% · king 15.9% · crowned 12.7% (median year 29) · 2.9s
try  3 · gen  124 · best   1001.4 · elite    645.9 · median    179.9 · years  17.5 · road 0.39 · starved   906 · nobles  +4.6 · read 12.8 · walls  1.8 · fell 71.2% (mother 41.4%) · prince 24.8% · king 18.4% · crowned 15.8% (median year 24) · 2.9s
try  4 · gen  124 · best    773.2 · elite    415.7 · median     16.7 · years  27.9 · road 0.34 · starved  1043 · nobles  +4.1 · read 48.8 · walls  3.9 · fell 84.4% (mother 40.9%) · prince 15.6% · king 11.2% · crowned  9.0% (median year 48) · 2.9s
try  5 · gen  124 · best    977.0 · elite    623.2 · median    163.5 · years  19.7 · road 0.40 · starved  1452 · nobles  +3.5 · read  8.8 · walls  3.2 · fell 69.3% (mother 45.0%) · prince 26.7% · king 17.6% · crowned 13.4% (median year 24) · 2.9s
try  6 · gen  124 · best    961.6 · elite    591.1 · median    173.3 · years  17.6 · road 0.36 · starved   900 · nobles  +5.4 · read 19.0 · walls  2.9 · fell 74.9% (mother 42.7%) · prince 22.8% · king 17.6% · crowned 14.7% (median year 25) · 2.9s
try  7 · gen  124 · best    660.1 · elite    337.3 · median     10.3 · years  31.8 · road 0.36 · starved  1082 · nobles  -1.0 · read 48.7 · walls  5.8 · fell 89.4% (mother 31.4%) · prince 13.8% · king  8.1% · crowned  5.7% (median year 56) · 2.9s
try  8 · gen  124 · best    760.2 · elite    394.4 · median     27.7 · years  25.0 · road 0.35 · starved  1137 · nobles  -3.1 · read 10.3 · walls  1.9 · fell 87.6% (mother 38.2%) · prince 23.5% · king 11.6% · crowned  6.7% (median year 38) · 2.9s
try  1 · gen  125 · best   1188.0 · elite    638.5 · median    182.6 · years  21.1 · road 0.38 · starved   823 · nobles  +7.1 · read 25.4 · walls  2.7 · fell 69.4% (mother 34.4%) · prince 25.2% · king 18.2% · crowned 14.4% (median year 26) · 3.0s
try  2 · gen  125 · best   1194.9 · elite    567.4 · median    148.7 · years  21.5 · road 0.35 · starved   928 · nobles  +4.2 · read 24.1 · walls  1.4 · fell 77.5% (mother 35.3%) · prince 25.5% · king 15.8% · crowned 12.3% (median year 28) · 3.0s
try  3 · gen  125 · best   1201.1 · elite    652.0 · median    164.9 · years  17.5 · road 0.38 · starved   915 · nobles  +4.2 · read 12.9 · walls  1.9 · fell 73.2% (mother 42.7%) · prince 24.7% · king 17.7% · crowned 14.7% (median year 25) · 3.0s
try  4 · gen  125 · best    814.3 · elite    398.6 · median     -1.3 · years  26.6 · road 0.33 · starved  1054 · nobles  +3.5 · read 45.1 · walls  3.9 · fell 86.7% (mother 44.1%) · prince 15.0% · king 10.3% · crowned  8.4% (median year 48) · 3.0s
try  5 · gen  125 · best   1139.9 · elite    631.1 · median    170.8 · years  19.0 · road 0.40 · starved  1281 · nobles  +4.3 · read  7.2 · walls  3.0 · fell 69.2% (mother 45.7%) · prince 26.6% · king 18.3% · crowned 14.2% (median year 24) · 3.0s
try  6 · gen  125 · best   1143.5 · elite    656.0 · median    162.6 · years  17.7 · road 0.36 · starved   966 · nobles  +5.4 · read 19.2 · walls  3.1 · fell 76.2% (mother 46.8%) · prince 23.2% · king 17.5% · crowned 14.5% (median year 26) · 3.0s
try  7 · gen  125 · best    660.4 · elite    348.3 · median     11.5 · years  32.2 · road 0.37 · starved  1122 · nobles  -0.8 · read 49.0 · walls  5.8 · fell 89.4% (mother 30.6%) · prince 14.4% · king  8.1% · crowned  5.7% (median year 57) · 3.0s
try  8 · gen  125 · best    894.9 · elite    451.7 · median     41.7 · years  25.3 · road 0.36 · starved  1139 · nobles  -3.1 · read 10.4 · walls  1.9 · fell 86.1% (mother 37.8%) · prince 25.0% · king 12.1% · crowned  7.5% (median year 38) · 3.0s
try  1 · gen  126 · best   1017.7 · elite    619.8 · median    194.4 · years  21.0 · road 0.37 · starved   816 · nobles  +7.1 · read 26.2 · walls  2.7 · fell 68.7% (mother 35.0%) · prince 24.5% · king 18.2% · crowned 14.7% (median year 25) · 3.3s
try  2 · gen  126 · best   1175.0 · elite    551.5 · median    140.2 · years  21.3 · road 0.34 · starved   961 · nobles  +3.9 · read 23.2 · walls  1.4 · fell 78.5% (mother 35.4%) · prince 24.9% · king 15.8% · crowned 11.8% (median year 29) · 3.3s
try  3 · gen  126 · best   1012.1 · elite    634.9 · median    164.5 · years  17.0 · road 0.38 · starved   889 · nobles  +4.3 · read 12.2 · walls  1.8 · fell 73.6% (mother 43.8%) · prince 23.4% · king 17.2% · crowned 14.5% (median year 25) · 3.3s
try  4 · gen  126 · best    775.3 · elite    414.7 · median      3.0 · years  26.4 · road 0.33 · starved   982 · nobles  +3.2 · read 45.4 · walls  3.9 · fell 84.6% (mother 42.3%) · prince 15.0% · king 10.7% · crowned  8.7% (median year 48) · 3.3s
try  5 · gen  126 · best    979.2 · elite    635.0 · median    165.6 · years  19.0 · road 0.40 · starved  1441 · nobles  +4.2 · read  7.2 · walls  3.1 · fell 68.2% (mother 46.7%) · prince 26.4% · king 18.4% · crowned 14.2% (median year 24) · 3.3s
try  6 · gen  126 · best   1048.8 · elite    608.8 · median    161.7 · years  17.8 · road 0.37 · starved   968 · nobles  +5.5 · read 20.7 · walls  3.1 · fell 76.7% (mother 47.0%) · prince 21.7% · king 16.4% · crowned 13.9% (median year 25) · 3.3s
try  7 · gen  126 · best    678.9 · elite    353.7 · median      6.0 · years  31.9 · road 0.37 · starved  1199 · nobles  -1.0 · read 49.4 · walls  5.7 · fell 89.0% (mother 32.9%) · prince 14.3% · king  7.8% · crowned  5.7% (median year 58) · 3.3s
try  8 · gen  126 · best   1032.8 · elite    415.9 · median     27.6 · years  25.4 · road 0.36 · starved  1179 · nobles  -3.3 · read 10.2 · walls  1.8 · fell 86.8% (mother 36.1%) · prince 24.7% · king 11.8% · crowned  7.3% (median year 37) · 3.3s
try  1 · gen  127 · best    995.2 · elite    629.1 · median    185.3 · years  20.7 · road 0.38 · starved   821 · nobles  +6.8 · read 26.6 · walls  2.6 · fell 70.5% (mother 37.1%) · prince 24.6% · king 17.8% · crowned 14.3% (median year 25) · 3.1s
try  2 · gen  127 · best    922.4 · elite    548.2 · median    151.6 · years  21.2 · road 0.35 · starved   975 · nobles  +4.5 · read 22.2 · walls  1.5 · fell 76.7% (mother 33.1%) · prince 25.1% · king 15.9% · crowned 12.7% (median year 28) · 3.1s
try  3 · gen  127 · best   1215.6 · elite    641.6 · median    173.5 · years  17.5 · road 0.38 · starved   878 · nobles  +4.3 · read 13.7 · walls  1.9 · fell 72.2% (mother 42.1%) · prince 24.9% · king 17.9% · crowned 15.1% (median year 25) · 3.1s
try  4 · gen  127 · best    655.0 · elite    414.6 · median     -3.2 · years  26.3 · road 0.33 · starved  1030 · nobles  +3.2 · read 45.6 · walls  3.8 · fell 85.8% (mother 43.1%) · prince 15.0% · king 10.8% · crowned  8.6% (median year 46) · 3.1s
try  5 · gen  127 · best   1184.8 · elite    641.4 · median    175.2 · years  18.8 · road 0.39 · starved  1651 · nobles  +4.6 · read  6.9 · walls  3.1 · fell 67.8% (mother 45.9%) · prince 26.7% · king 18.3% · crowned 14.5% (median year 24) · 3.1s
try  6 · gen  127 · best   1462.6 · elite    604.3 · median    164.0 · years  18.1 · road 0.37 · starved   970 · nobles  +5.6 · read 21.1 · walls  3.1 · fell 76.7% (mother 46.5%) · prince 22.9% · king 17.2% · crowned 14.4% (median year 26) · 3.1s
try  7 · gen  127 · best    725.2 · elite    349.9 · median     13.6 · years  31.8 · road 0.37 · starved  1149 · nobles  -1.0 · read 50.1 · walls  5.6 · fell 89.2% (mother 32.3%) · prince 14.8% · king  8.7% · crowned  5.9% (median year 57) · 3.1s
try  8 · gen  127 · best    812.1 · elite    404.7 · median     35.8 · years  25.3 · road 0.36 · starved  1156 · nobles  -3.3 · read  9.8 · walls  1.8 · fell 86.9% (mother 37.2%) · prince 24.0% · king 12.0% · crowned  7.1% (median year 36) · 3.1s
try  1 · gen  128 · best   1194.0 · elite    632.3 · median    193.7 · years  20.9 · road 0.37 · starved   837 · nobles  +6.9 · read 25.6 · walls  2.6 · fell 69.7% (mother 35.8%) · prince 24.5% · king 18.1% · crowned 14.7% (median year 25) · 3.0s
try  2 · gen  128 · best   1001.2 · elite    583.1 · median    154.1 · years  21.1 · road 0.34 · starved  1001 · nobles  +5.0 · read 21.8 · walls  1.4 · fell 76.8% (mother 34.6%) · prince 25.1% · king 16.1% · crowned 12.6% (median year 28) · 3.0s
try  3 · gen  128 · best    970.9 · elite    650.5 · median    178.5 · years  17.8 · road 0.39 · starved   890 · nobles  +4.0 · read 13.6 · walls  2.0 · fell 72.0% (mother 43.1%) · prince 24.9% · king 17.9% · crowned 15.2% (median year 24) · 3.0s
try  4 · gen  128 · best    679.0 · elite    411.2 · median     -2.6 · years  26.3 · road 0.33 · starved  1038 · nobles  +3.0 · read 45.8 · walls  3.8 · fell 85.2% (mother 43.1%) · prince 14.6% · king 10.6% · crowned  8.4% (median year 46) · 3.0s
try  5 · gen  128 · best   1010.3 · elite    654.3 · median    160.6 · years  18.7 · road 0.39 · starved  1101 · nobles  +4.5 · read  6.9 · walls  3.1 · fell 69.3% (mother 46.8%) · prince 26.8% · king 18.8% · crowned 14.2% (median year 24) · 3.0s
try  6 · gen  128 · best   1126.0 · elite    632.3 · median    163.1 · years  17.5 · road 0.36 · starved   996 · nobles  +5.4 · read 20.3 · walls  2.9 · fell 76.5% (mother 47.7%) · prince 23.3% · king 17.5% · crowned 14.4% (median year 25) · 3.0s
try  7 · gen  128 · best    827.1 · elite    332.3 · median     14.2 · years  31.4 · road 0.37 · starved  1159 · nobles  -0.8 · read 48.6 · walls  5.6 · fell 88.7% (mother 32.3%) · prince 14.4% · king  8.2% · crowned  5.8% (median year 58) · 3.0s
try  8 · gen  128 · best    897.0 · elite    447.7 · median     32.7 · years  25.2 · road 0.36 · starved  1209 · nobles  -3.5 · read 10.5 · walls  1.8 · fell 86.5% (mother 37.9%) · prince 24.9% · king 12.6% · crowned  7.3% (median year 37) · 3.0s
